// Jest Snapshot v1, https://goo.gl/fbAQLP

exports[`Format apex: EmptyBlockStatement.cls: EmptyBlockStatement.cls 1`] = `
class EmptyBlockStatement {
  public EmptyBlockStatement() {

  }

  public static void emptyForLoop() {
    for (Integer i = 1; i ++; i < 5) {

    }
  }

  public static void emptyIfElse() {
    if (1 == 1) {

    } else {

    }
  }
}
~~~~~~~~~~~~~~~~~~~~~~~~~~~~~~~~~~~~~~~~~~~~~~~~~~~~~~~~~~~~~~~~~~~~~~~~~~~~~~~~
class EmptyBlockStatement {
  public EmptyBlockStatement() {
  }

  public static void emptyForLoop() {
    for (Integer i = 1; i++; i < 5) {
    }
  }

  public static void emptyIfElse() {
    if (1 == 1) {
    } else {
    }
  }
}

`;

exports[`Format apex: EmptyClass.cls: EmptyClass.cls 1`] = `
class EmptyClass {}
~~~~~~~~~~~~~~~~~~~~~~~~~~~~~~~~~~~~~~~~~~~~~~~~~~~~~~~~~~~~~~~~~~~~~~~~~~~~~~~~
class EmptyClass {
}

`;

exports[`Format apex: EmptyEnum.cls: EmptyEnum.cls 1`] = `
enum Season {}
~~~~~~~~~~~~~~~~~~~~~~~~~~~~~~~~~~~~~~~~~~~~~~~~~~~~~~~~~~~~~~~~~~~~~~~~~~~~~~~~
enum Season {
}

`;

exports[`Format apex: EmptyInterface.cls: EmptyInterface.cls 1`] = `
interface EmptyInterface {}
~~~~~~~~~~~~~~~~~~~~~~~~~~~~~~~~~~~~~~~~~~~~~~~~~~~~~~~~~~~~~~~~~~~~~~~~~~~~~~~~
interface EmptyInterface {
}

`;

exports[`Format apex: EmptyTrigger.trigger: EmptyTrigger.trigger 1`] = `
trigger myAccountTrigger on Account(before delete) {}
~~~~~~~~~~~~~~~~~~~~~~~~~~~~~~~~~~~~~~~~~~~~~~~~~~~~~~~~~~~~~~~~~~~~~~~~~~~~~~~~
trigger myAccountTrigger on Account(before delete) {
}

`;
