// Jest Snapshot v1, https://goo.gl/fbAQLP

exports[`Format apex: AnnotatedTrueParamClass.cls: AnnotatedTrueParamClass.cls 1`] = `
@IsTest(SeeAllData=true) class AnnotedTrueParamClass
{}

~~~~~~~~~~~~~~~~~~~~~~~~~~~~~~~~~~~~~~~~~~~~~~~~~~~~~~~~~~~~~~~~~~~~~~~~~~~~~~~~
@IsTest(SeeAllData=true)
class AnnotedTrueParamClass {
}

`;
