// Jest Snapshot v1, https://goo.gl/fbAQLP

exports[`Format apex: WithFinalNewLine.cls: WithFinalNewLine.cls 1`] = `
class WithFinalNewLine {}
~~~~~~~~~~~~~~~~~~~~~~~~~~~~~~~~~~~~~~~~~~~~~~~~~~~~~~~~~~~~~~~~~~~~~~~~~~~~~~~~
class WithFinalNewLine {
}

`;
