// Jest Snapshot v1, https://goo.gl/fbAQLP

exports[`Format apex: PublicEmptyClass.cls: PublicEmptyClass.cls 1`] = `
public class PublicEmptyClass
{}

~~~~~~~~~~~~~~~~~~~~~~~~~~~~~~~~~~~~~~~~~~~~~~~~~~~~~~~~~~~~~~~~~~~~~~~~~~~~~~~~
public class PublicEmptyClass {
}

`;
