// Jest Snapshot v1, https://goo.gl/fbAQLP

exports[`Format apex: GenericClass.cls: GenericClass.cls 1`] = `
class GenericOuterClass<T> extends AnotherClass<T> {
  class InnerClass<K, V> {}

  interface InnerGenericInterface<K, V> {}
}
~~~~~~~~~~~~~~~~~~~~~~~~~~~~~~~~~~~~~~~~~~~~~~~~~~~~~~~~~~~~~~~~~~~~~~~~~~~~~~~~
class GenericOuterClass<T> extends AnotherClass<T> {
  class InnerClass<K, V> {
  }

  interface InnerGenericInterface<K, V> {
  }
}

`;
