// Jest Snapshot v1, https://goo.gl/fbAQLP

exports[`Format apex: PrivateEmptyClass.cls: PrivateEmptyClass.cls 1`] = `
private class PrivateEmptyClass
{}

~~~~~~~~~~~~~~~~~~~~~~~~~~~~~~~~~~~~~~~~~~~~~~~~~~~~~~~~~~~~~~~~~~~~~~~~~~~~~~~~
private class PrivateEmptyClass {
}

`;
