// Jest Snapshot v1, https://goo.gl/fbAQLP

exports[`Format apex: GlobalEmptyClass.cls: GlobalEmptyClass.cls 1`] = `
global class GlobalEmptyClass
{}

~~~~~~~~~~~~~~~~~~~~~~~~~~~~~~~~~~~~~~~~~~~~~~~~~~~~~~~~~~~~~~~~~~~~~~~~~~~~~~~~
global class GlobalEmptyClass {
}

`;
