// Jest Snapshot v1, https://goo.gl/fbAQLP

exports[`Format apex: InterfaceClass.cls: InterfaceClass.cls 1`] = `
public interface OuterInterface extends ExtendedInterface {
  void methodOne();
  void methodTwo();
}
~~~~~~~~~~~~~~~~~~~~~~~~~~~~~~~~~~~~~~~~~~~~~~~~~~~~~~~~~~~~~~~~~~~~~~~~~~~~~~~~
public interface OuterInterface extends ExtendedInterface {
  void methodOne();
  void methodTwo();
}

`;
