// Jest Snapshot v1, https://goo.gl/fbAQLP

exports[`Format apex: AnnotatedClass.cls: AnnotatedClass.cls 1`] = `
@IsTest class TestClass
{}

~~~~~~~~~~~~~~~~~~~~~~~~~~~~~~~~~~~~~~~~~~~~~~~~~~~~~~~~~~~~~~~~~~~~~~~~~~~~~~~~
@IsTest
class TestClass {
}

`;
