// Jest Snapshot v1, https://goo.gl/fbAQLP

exports[`Format apex: ClassWithFormatPragma.cls: ClassWithFormatPragma.cls 1`] = `
/**
 * @format
 */
class ClassWithFormatPragma {}
~~~~~~~~~~~~~~~~~~~~~~~~~~~~~~~~~~~~~~~~~~~~~~~~~~~~~~~~~~~~~~~~~~~~~~~~~~~~~~~~
/**
 * @format
 */
class ClassWithFormatPragma {
}

`;

exports[`Format apex: ClassWithPrettierPragma.cls: ClassWithPrettierPragma.cls 1`] = `
/**
 * @prettier
 */
class ClassWithPrettierPragma {}
~~~~~~~~~~~~~~~~~~~~~~~~~~~~~~~~~~~~~~~~~~~~~~~~~~~~~~~~~~~~~~~~~~~~~~~~~~~~~~~~
/**
 * @prettier
 */
class ClassWithPrettierPragma {
}

`;

exports[`Format apex: ClassWithShortFormatPragma.cls: ClassWithShortFormatPragma.cls 1`] = `
/** @format */
class ClassWithShortFormatPragma {}
~~~~~~~~~~~~~~~~~~~~~~~~~~~~~~~~~~~~~~~~~~~~~~~~~~~~~~~~~~~~~~~~~~~~~~~~~~~~~~~~
/** @format */
class ClassWithShortFormatPragma {
}

`;

exports[`Format apex: ClassWithShortPrettierPragma.cls: ClassWithShortPrettierPragma.cls 1`] = `
/** @prettier */
class ClassWithShortPrettierPragma {}
~~~~~~~~~~~~~~~~~~~~~~~~~~~~~~~~~~~~~~~~~~~~~~~~~~~~~~~~~~~~~~~~~~~~~~~~~~~~~~~~
/** @prettier */
class ClassWithShortPrettierPragma {
}

`;

exports[`Format apex: ClassWithoutPragma.cls: ClassWithoutPragma.cls 1`] = `
class ClassWithoutPragma {}
~~~~~~~~~~~~~~~~~~~~~~~~~~~~~~~~~~~~~~~~~~~~~~~~~~~~~~~~~~~~~~~~~~~~~~~~~~~~~~~~
class ClassWithoutPragma {}

`;
