// Jest Snapshot v1, https://goo.gl/fbAQLP

exports[`Format apex: AnnotatedFalseParamClass.cls: AnnotatedFalseParamClass.cls 1`] = `
@IsTest(SeeAllData=false) class AnnotatedFalseParamClass
{}

~~~~~~~~~~~~~~~~~~~~~~~~~~~~~~~~~~~~~~~~~~~~~~~~~~~~~~~~~~~~~~~~~~~~~~~~~~~~~~~~
@IsTest(SeeAllData=false)
class AnnotatedFalseParamClass {
}

`;
