// Jest Snapshot v1, https://goo.gl/fbAQLP

exports[`Format apex-anonymous: AnonymousBlock.cls: AnonymousBlock.cls 1`] = `

// Leading Inline Comment in Anonymous Block

/* Leading Block Comment in Anonymous Block */

System.debug('Hello World');
System.debug('Hi');

// Trailing Inline Comment in Anonymous Block

/* Trailing Block Comment in Anonymous Block */
~~~~~~~~~~~~~~~~~~~~~~~~~~~~~~~~~~~~~~~~~~~~~~~~~~~~~~~~~~~~~~~~~~~~~~~~~~~~~~~~
// Leading Inline Comment in Anonymous Block

/* Leading Block Comment in Anonymous Block */

System.debug('Hello World');
System.debug('Hi');

// Trailing Inline Comment in Anonymous Block

/* Trailing Block Comment in Anonymous Block */


`;
