// Jest Snapshot v1, https://goo.gl/fbAQLP

exports[`Format apex: EnumClass.cls: EnumClass.cls 1`] = `
public enum MyEnumClass { X, Y }
~~~~~~~~~~~~~~~~~~~~~~~~~~~~~~~~~~~~~~~~~~~~~~~~~~~~~~~~~~~~~~~~~~~~~~~~~~~~~~~~
public enum MyEnumClass {
  X,
  Y
}

`;
